Detecting compiler hash for triplet x64-osx...
Compiler found: /Library/Developer/CommandLineTools/usr/bin/c++
The following packages are already installed:
    catch2:x64-osx@3.16.0
  * vcpkg-cmake:x64-osx@2025-08-07
  * vcpkg-cmake-config:x64-osx@2026-07-21
  * vcpkg-cmake-get-vars:x64-osx@2025-05-29
  * vcpkg-make:x64-osx@2026-07-09
The following packages will be built and installed:
  * brotli:x64-osx@1.2.0
  * bzip2[core,tool]:x64-osx@1.0.8#6
  * egl-registry:x64-osx@2025-05-27
  * fmt:x64-osx@12.2.0#1
  * freetype[brotli,bzip2,core,png,zlib]:x64-osx@2.14.3
  * libflac[core,stack-protector]:x64-osx@1.5.0
  * libogg:x64-osx@1.3.6#1
  * libpng:x64-osx@1.6.58
    libsodium:x64-osx@1.0.22#1
  * libvorbis:x64-osx@1.3.7#4
  * miniaudio:x64-osx@0.11.25
    nlohmann-json:x64-osx@3.12.0#2
  * opengl:x64-osx@2022-12-04#3
  * opengl-registry:x64-osx@2026-08-03
    sfml[audio,core,graphics,network,window]:x64-osx@3.0.2
    spdlog[core,fmt,tz-offset]:x64-osx@1.17.0#1
    sqlite3[core,json1]:x64-osx@3.53.4#1
  * stb:x64-osx@2024-07-29#1
  * zlib:x64-osx@1.3.2#2
Additional packages (*) will be modified to complete this operation.
Restored 0 package(s) from /Users/Oscar/.cache/vcpkg/archives in 187 us. Use --debug to see more details.
Installing 1/19 libsodium:x64-osx@1.0.22#1...
libsodium:x64-osx@1.0.22#1 package ABI: 22bba676792736b00b42b7dddeb96251c554ea6d1b5c268c808c1c3e21698ef5
Building libsodium:x64-osx@1.0.22#1...
/Users/Oscar/Documents/school/vcpkg/triplets/community/x64-osx.cmake: info: loaded community triplet from here. Community triplets are not built in the curated registry and are thus less likely to succeed.
-- Using cached jedisct1-libsodium-1.0.22-RELEASE.tar.gz
-- Cleaning sources at /Users/Oscar/Documents/school/vcpkg/buildtrees/libsodium/src/22-RELEASE-59fa844d12.clean. Use --editable to skip cleaning for the packages you specify.
-- Extracting source /Users/Oscar/Documents/school/vcpkg/downloads/jedisct1-libsodium-1.0.22-RELEASE.tar.gz
-- Applying patch 001-mingw-i386.patch
-- Using source at /Users/Oscar/Documents/school/vcpkg/buildtrees/libsodium/src/22-RELEASE-59fa844d12.clean
-- Getting CMake variables for x64-osx
-- Loading CMake variables from /Users/Oscar/Documents/school/vcpkg/buildtrees/libsodium/cmake-get-vars_C_CXX-x64-osx.cmake.log
-- Generating configure for x64-osx
-- Finished generating configure for x64-osx
-- Configuring x64-osx-dbg
-- Configuring x64-osx-rel
-- Building/Installing x64-osx-dbg
-- Making target 'all' for x64-osx-dbg
-- Making target 'install' for x64-osx-dbg
-- Building/Installing x64-osx-rel
-- Making target 'all' for x64-osx-rel
-- Making target 'install' for x64-osx-rel
-- Fixing pkgconfig file: /Users/Oscar/Documents/school/vcpkg/packages/libsodium_x64-osx/lib/pkgconfig/libsodium.pc
-- Fixing pkgconfig file: /Users/Oscar/Documents/school/vcpkg/packages/libsodium_x64-osx/debug/lib/pkgconfig/libsodium.pc
-- Installing: /Users/Oscar/Documents/school/vcpkg/packages/libsodium_x64-osx/share/libsodium/copyright
-- Performing post-build validation
Starting submission of libsodium:x64-osx@1.0.22#1 to 1 binary cache(s) in the background
Elapsed time to handle libsodium:x64-osx: 2.1 min
Installing 2/19 nlohmann-json:x64-osx@3.12.0#2...
nlohmann-json:x64-osx@3.12.0#2 package ABI: 7e5a0f82d2cf98e6d8766ecc3f514d2b8d80ea471a866979fe36d1e1fa882f6f
Building nlohmann-json:x64-osx@3.12.0#2...
/Users/Oscar/Documents/school/vcpkg/triplets/community/x64-osx.cmake: info: loaded community triplet from here. Community triplets are not built in the curated registry and are thus less likely to succeed.
Downloading https://github.com/nlohmann/json/archive/v3.12.0.tar.gz -> nlohmann-json-v3.12.0.tar.gz
Successfully downloaded nlohmann-json-v3.12.0.tar.gz
-- Extracting source /Users/Oscar/Documents/school/vcpkg/downloads/nlohmann-json-v3.12.0.tar.gz
-- Applying patch fix-4736_char8_t.patch
-- Applying patch fix-4742_std_optional.patch
-- Using source at /Users/Oscar/Documents/school/vcpkg/buildtrees/nlohmann-json/src/v3.12.0-89fed620e6.clean
-- Configuring x64-osx
-- Building x64-osx-dbg
-- Building x64-osx-rel
-- Fixing pkgconfig file: /Users/Oscar/Documents/school/vcpkg/packages/nlohmann-json_x64-osx/share/pkgconfig/nlohmann_json.pc
-- Fixing pkgconfig file: /Users/Oscar/Documents/school/vcpkg/packages/nlohmann-json_x64-osx/debug/share/pkgconfig/nlohmann_json.pc
-- Installing: /Users/Oscar/Documents/school/vcpkg/packages/nlohmann-json_x64-osx/share/nlohmann-json/copyright
-- Performing post-build validation
Starting submission of nlohmann-json:x64-osx@3.12.0#2 to 1 binary cache(s) in the background
Elapsed time to handle nlohmann-json:x64-osx: 5.3 s
Completed submission of libsodium:x64-osx@1.0.22#1 to 1 binary cache(s) in 293 ms
Installing 3/19 egl-registry:x64-osx@2025-05-27...
egl-registry:x64-osx@2025-05-27 package ABI: e94b0e5b40e235bf17a5abb0fe6a25226a0720154af2ea36142dcf6654b45171
Building egl-registry:x64-osx@2025-05-27...
/Users/Oscar/Documents/school/vcpkg/triplets/community/x64-osx.cmake: info: loaded community triplet from here. Community triplets are not built in the curated registry and are thus less likely to succeed.
Downloading https://github.com/KhronosGroup/EGL-Registry/archive/3ae2b7c48690d2ce13cc6db3db02dfc0572be65e.tar.gz -> KhronosGroup-EGL-Registry-3ae2b7c48690d2ce13cc6db3db02dfc0572be65e.tar.gz
Successfully downloaded KhronosGroup-EGL-Registry-3ae2b7c48690d2ce13cc6db3db02dfc0572be65e.tar.gz
-- Extracting source /Users/Oscar/Documents/school/vcpkg/downloads/KhronosGroup-EGL-Registry-3ae2b7c48690d2ce13cc6db3db02dfc0572be65e.tar.gz
-- Using source at /Users/Oscar/Documents/school/vcpkg/buildtrees/egl-registry/src/c0572be65e-4257a9ad9b.clean
-- Installing: /Users/Oscar/Documents/school/vcpkg/packages/egl-registry_x64-osx/share/egl-registry/copyright
-- Performing post-build validation
Starting submission of egl-registry:x64-osx@2025-05-27 to 1 binary cache(s) in the background
Elapsed time to handle egl-registry:x64-osx: 3.2 s
Completed submission of nlohmann-json:x64-osx@3.12.0#2 to 1 binary cache(s) in 185 ms
Installing 4/19 opengl-registry:x64-osx@2026-08-03...
opengl-registry:x64-osx@2026-08-03 package ABI: 0217e3bb608b057c88e4cfbe57bba1bc4d6cbb4a62e08cb7a00208c73c12aec6
Building opengl-registry:x64-osx@2026-08-03...
/Users/Oscar/Documents/school/vcpkg/triplets/community/x64-osx.cmake: info: loaded community triplet from here. Community triplets are not built in the curated registry and are thus less likely to succeed.
Downloading https://github.com/KhronosGroup/OpenGL-Registry/archive/e8f7cd0e35ac8d6f5667a021ff83d04b1fec41ef.tar.gz -> KhronosGroup-OpenGL-Registry-e8f7cd0e35ac8d6f5667a021ff83d04b1fec41ef.tar.gz
Successfully downloaded KhronosGroup-OpenGL-Registry-e8f7cd0e35ac8d6f5667a021ff83d04b1fec41ef.tar.gz
-- Extracting source /Users/Oscar/Documents/school/vcpkg/downloads/KhronosGroup-OpenGL-Registry-e8f7cd0e35ac8d6f5667a021ff83d04b1fec41ef.tar.gz
-- Using source at /Users/Oscar/Documents/school/vcpkg/buildtrees/opengl-registry/src/4b1fec41ef-a126ad0aa2.clean
-- Installing: /Users/Oscar/Documents/school/vcpkg/packages/opengl-registry_x64-osx/share/opengl-registry/copyright
-- Performing post-build validation
Starting submission of opengl-registry:x64-osx@2026-08-03 to 1 binary cache(s) in the background
Elapsed time to handle opengl-registry:x64-osx: 29 s
Completed submission of egl-registry:x64-osx@2025-05-27 to 1 binary cache(s) in 22.8 ms
Installing 5/19 opengl:x64-osx@2022-12-04#3...
opengl:x64-osx@2022-12-04#3 package ABI: b7321520d5553b74e923a5d36f3ac9176a441c9e2bf508f4d24cf272f98deac2
Building opengl:x64-osx@2022-12-04#3...
/Users/Oscar/Documents/school/vcpkg/triplets/community/x64-osx.cmake: info: loaded community triplet from here. Community triplets are not built in the curated registry and are thus less likely to succeed.
-- Installing: /Users/Oscar/Documents/school/vcpkg/packages/opengl_x64-osx/share/opengl/usage
-- Skipping post-build validation due to VCPKG_POLICY_EMPTY_PACKAGE
Starting submission of opengl:x64-osx@2022-12-04#3 to 1 binary cache(s) in the background
Elapsed time to handle opengl:x64-osx: 139 ms
Installing 6/19 stb:x64-osx@2024-07-29#1...
stb:x64-osx@2024-07-29#1 package ABI: 98c18ada2d314bd4cf35e65077f0a323854b9b6c2f43a65444c259a821d9cde7
Building stb:x64-osx@2024-07-29#1...
/Users/Oscar/Documents/school/vcpkg/triplets/community/x64-osx.cmake: info: loaded community triplet from here. Community triplets are not built in the curated registry and are thus less likely to succeed.
Downloading https://github.com/nothings/stb/archive/f75e8d1cad7d90d72ef7a4661f1b994ef78b4e31.tar.gz -> nothings-stb-f75e8d1cad7d90d72ef7a4661f1b994ef78b4e31.tar.gz
Successfully downloaded nothings-stb-f75e8d1cad7d90d72ef7a4661f1b994ef78b4e31.tar.gz
-- Extracting source /Users/Oscar/Documents/school/vcpkg/downloads/nothings-stb-f75e8d1cad7d90d72ef7a4661f1b994ef78b4e31.tar.gz
-- Using source at /Users/Oscar/Documents/school/vcpkg/buildtrees/stb/src/4ef78b4e31-bf024d35de.clean
-- Installing: /Users/Oscar/Documents/school/vcpkg/packages/stb_x64-osx/share/stb/FindStb.cmake
-- Installing: /Users/Oscar/Documents/school/vcpkg/packages/stb_x64-osx/share/stb/vcpkg-cmake-wrapper.cmake
-- Installing: /Users/Oscar/Documents/school/vcpkg/packages/stb_x64-osx/share/stb/usage
-- Installing: /Users/Oscar/Documents/school/vcpkg/packages/stb_x64-osx/share/stb/copyright
-- Performing post-build validation
Starting submission of stb:x64-osx@2024-07-29#1 to 1 binary cache(s) in the background
Elapsed time to handle stb:x64-osx: 2.4 s
Completed submission of opengl-registry:x64-osx@2026-08-03 to 1 binary cache(s) in 175 ms
Completed submission of opengl:x64-osx@2022-12-04#3 to 1 binary cache(s) in 16.3 ms
Installing 7/19 zlib:x64-osx@1.3.2#2...
zlib:x64-osx@1.3.2#2 package ABI: 7137314c9165f718118612cb7a1ee27adc60edbd67dda3ddfcc24fd53235c7b6
Building zlib:x64-osx@1.3.2#2...
/Users/Oscar/Documents/school/vcpkg/triplets/community/x64-osx.cmake: info: loaded community triplet from here. Community triplets are not built in the curated registry and are thus less likely to succeed.
Downloading https://github.com/madler/zlib/archive/v1.3.2.tar.gz -> madler-zlib-v1.3.2.tar.gz
Successfully downloaded madler-zlib-v1.3.2.tar.gz
-- Extracting source /Users/Oscar/Documents/school/vcpkg/downloads/madler-zlib-v1.3.2.tar.gz
-- Applying patch 0001-no-version-script-on-ohos.patch
-- Using source at /Users/Oscar/Documents/school/vcpkg/buildtrees/zlib/src/v1.3.2-c19a0bfd23.clean
-- Configuring x64-osx
-- Building x64-osx-dbg
-- Building x64-osx-rel
-- Fixing pkgconfig file: /Users/Oscar/Documents/school/vcpkg/packages/zlib_x64-osx/lib/pkgconfig/zlib.pc
-- Fixing pkgconfig file: /Users/Oscar/Documents/school/vcpkg/packages/zlib_x64-osx/debug/lib/pkgconfig/zlib.pc
-- Installing: /Users/Oscar/Documents/school/vcpkg/packages/zlib_x64-osx/share/zlib/vcpkg-cmake-wrapper.cmake
-- Installing: /Users/Oscar/Documents/school/vcpkg/packages/zlib_x64-osx/share/zlib/copyright
-- Performing post-build validation
Starting submission of zlib:x64-osx@1.3.2#2 to 1 binary cache(s) in the background
Elapsed time to handle zlib:x64-osx: 8.2 s
Completed submission of stb:x64-osx@2024-07-29#1 to 1 binary cache(s) in 108 ms
Installing 8/19 libpng:x64-osx@1.6.58...
libpng:x64-osx@1.6.58 package ABI: 15f374334a900594766d07251a4c9a58df3fb513e04b5cf97b8020f54b4b32e9
Building libpng:x64-osx@1.6.58...
/Users/Oscar/Documents/school/vcpkg/triplets/community/x64-osx.cmake: info: loaded community triplet from here. Community triplets are not built in the curated registry and are thus less likely to succeed.
Downloading https://github.com/pnggroup/libpng/archive/v1.6.58.tar.gz -> pnggroup-libpng-v1.6.58.tar.gz
Successfully downloaded pnggroup-libpng-v1.6.58.tar.gz
-- Extracting source /Users/Oscar/Documents/school/vcpkg/downloads/pnggroup-libpng-v1.6.58.tar.gz
-- Applying patch cmake.patch
-- Using source at /Users/Oscar/Documents/school/vcpkg/buildtrees/libpng/src/v1.6.58-b91136795d.clean
-- Configuring x64-osx
-- Building x64-osx-dbg
-- Building x64-osx-rel
-- Installing: /Users/Oscar/Documents/school/vcpkg/packages/libpng_x64-osx/share/png/vcpkg-cmake-wrapper.cmake
-- Installing: /Users/Oscar/Documents/school/vcpkg/packages/libpng_x64-osx/share/libpng/libpng-config.cmake
-- Fixing pkgconfig file: /Users/Oscar/Documents/school/vcpkg/packages/libpng_x64-osx/lib/pkgconfig/libpng16.pc
-- Fixing pkgconfig file: /Users/Oscar/Documents/school/vcpkg/packages/libpng_x64-osx/debug/lib/pkgconfig/libpng16.pc
-- Installing: /Users/Oscar/Documents/school/vcpkg/packages/libpng_x64-osx/debug/lib/pkgconfig/libpng.pc
-- Installing: /Users/Oscar/Documents/school/vcpkg/packages/libpng_x64-osx/lib/pkgconfig/libpng.pc
-- Installing: /Users/Oscar/Documents/school/vcpkg/packages/libpng_x64-osx/share/libpng/usage
-- Installing: /Users/Oscar/Documents/school/vcpkg/packages/libpng_x64-osx/share/libpng/copyright
-- Performing post-build validation
Starting submission of libpng:x64-osx@1.6.58 to 1 binary cache(s) in the background
Elapsed time to handle libpng:x64-osx: 8.8 s
Completed submission of zlib:x64-osx@1.3.2#2 to 1 binary cache(s) in 243 ms
Installing 9/19 bzip2[core,tool]:x64-osx@1.0.8#6...
bzip2[core,tool]:x64-osx@1.0.8#6 package ABI: 27d9c1aa7c579490df650054158d87b453831f81f81729962cf2a34f468c49ef
Building bzip2[core,tool]:x64-osx@1.0.8#6...
/Users/Oscar/Documents/school/vcpkg/triplets/community/x64-osx.cmake: info: loaded community triplet from here. Community triplets are not built in the curated registry and are thus less likely to succeed.
Downloading bzip2-1.0.8.tar.gz, trying https://sourceware.org/pub/bzip2/bzip2-1.0.8.tar.gz
Successfully downloaded bzip2-1.0.8.tar.gz
-- Extracting source /Users/Oscar/Documents/school/vcpkg/downloads/bzip2-1.0.8.tar.gz
-- Applying patch fix-import-export-macros.patch
-- Using source at /Users/Oscar/Documents/school/vcpkg/buildtrees/bzip2/src/bzip2-1-336d4794a3.clean
-- Configuring x64-osx
-- Building x64-osx-dbg
-- Building x64-osx-rel
-- Fixing pkgconfig file: /Users/Oscar/Documents/school/vcpkg/packages/bzip2_x64-osx/lib/pkgconfig/bzip2.pc
-- Fixing pkgconfig file: /Users/Oscar/Documents/school/vcpkg/packages/bzip2_x64-osx/debug/lib/pkgconfig/bzip2.pc
-- Installing: /Users/Oscar/Documents/school/vcpkg/packages/bzip2_x64-osx/share/bzip2/copyright
-- Adjusted RPATH of '/Users/Oscar/Documents/school/vcpkg/packages/bzip2_x64-osx/tools/bzip2/bzip2' to '@loader_path/../../lib'
-- Adjusted RPATH of '/Users/Oscar/Documents/school/vcpkg/packages/bzip2_x64-osx/tools/bzip2/bzip2recover' to '@loader_path/../../lib'
-- Performing post-build validation
Starting submission of bzip2[core,tool]:x64-osx@1.0.8#6 to 1 binary cache(s) in the background
Elapsed time to handle bzip2:x64-osx: 8.7 s
Completed submission of libpng:x64-osx@1.6.58 to 1 binary cache(s) in 145 ms
Installing 10/19 brotli:x64-osx@1.2.0...
brotli:x64-osx@1.2.0 package ABI: 783d8d250109ca5ded90e7aad499f8c9710be834894fbe0f5025fda9386628ab
Building brotli:x64-osx@1.2.0...
/Users/Oscar/Documents/school/vcpkg/triplets/community/x64-osx.cmake: info: loaded community triplet from here. Community triplets are not built in the curated registry and are thus less likely to succeed.
Downloading https://github.com/google/brotli/archive/v1.2.0.tar.gz -> google-brotli-v1.2.0.tar.gz
Successfully downloaded google-brotli-v1.2.0.tar.gz
-- Extracting source /Users/Oscar/Documents/school/vcpkg/downloads/google-brotli-v1.2.0.tar.gz
-- Applying patch install.patch
-- Applying patch pkgconfig.patch
-- Using source at /Users/Oscar/Documents/school/vcpkg/buildtrees/brotli/src/v1.2.0-7af7ca71ad.clean
-- Configuring x64-osx
-- Building x64-osx-dbg
-- Building x64-osx-rel
-- Fixing pkgconfig file: /Users/Oscar/Documents/school/vcpkg/packages/brotli_x64-osx/lib/pkgconfig/libbrotlicommon.pc
-- Fixing pkgconfig file: /Users/Oscar/Documents/school/vcpkg/packages/brotli_x64-osx/lib/pkgconfig/libbrotlidec.pc
-- Fixing pkgconfig file: /Users/Oscar/Documents/school/vcpkg/packages/brotli_x64-osx/lib/pkgconfig/libbrotlienc.pc
-- Fixing pkgconfig file: /Users/Oscar/Documents/school/vcpkg/packages/brotli_x64-osx/debug/lib/pkgconfig/libbrotlicommon.pc
-- Fixing pkgconfig file: /Users/Oscar/Documents/school/vcpkg/packages/brotli_x64-osx/debug/lib/pkgconfig/libbrotlidec.pc
-- Fixing pkgconfig file: /Users/Oscar/Documents/school/vcpkg/packages/brotli_x64-osx/debug/lib/pkgconfig/libbrotlienc.pc
-- Installing: /Users/Oscar/Documents/school/vcpkg/packages/brotli_x64-osx/share/brotli/usage
-- Installing: /Users/Oscar/Documents/school/vcpkg/packages/brotli_x64-osx/share/brotli/copyright
-- Adjusted RPATH of '/Users/Oscar/Documents/school/vcpkg/packages/brotli_x64-osx/tools/brotli/brotli' to '@loader_path/../../lib'
-- Performing post-build validation
Starting submission of brotli:x64-osx@1.2.0 to 1 binary cache(s) in the background
Elapsed time to handle brotli:x64-osx: 20 s
Completed submission of bzip2[core,tool]:x64-osx@1.0.8#6 to 1 binary cache(s) in 45.5 ms
Installing 11/19 freetype[brotli,bzip2,core,png,zlib]:x64-osx@2.14.3...
freetype[brotli,bzip2,core,png,zlib]:x64-osx@2.14.3 package ABI: 0e0987cb993cd7103b5fd47a4ea28476c9baa06a881fcc95ca00ceb70b364797
Building freetype[brotli,bzip2,core,png,zlib]:x64-osx@2.14.3...
/Users/Oscar/Documents/school/vcpkg/triplets/community/x64-osx.cmake: info: loaded community triplet from here. Community triplets are not built in the curated registry and are thus less likely to succeed.
Downloading https://gitlab.freedesktop.org//freetype/freetype/-/archive/VER-2-14-3/freetype-VER-2-14-3.tar.gz -> freetype-freetype-VER-2-14-3.tar.gz
Successfully downloaded freetype-freetype-VER-2-14-3.tar.gz
-- Extracting source /Users/Oscar/Documents/school/vcpkg/downloads/freetype-freetype-VER-2-14-3.tar.gz
-- Applying patch 0003-Fix-UWP.patch
-- Applying patch brotli-static.patch
-- Applying patch bzip2.patch
-- Applying patch fix-exports.patch
-- Using source at /Users/Oscar/Documents/school/vcpkg/buildtrees/freetype/src/VER-2-14-3-46d5ca34ec.clean
-- Configuring x64-osx
-- Building x64-osx-dbg
-- Building x64-osx-rel
-- Fixing pkgconfig file: /Users/Oscar/Documents/school/vcpkg/packages/freetype_x64-osx/lib/pkgconfig/freetype2.pc
-- Fixing pkgconfig file: /Users/Oscar/Documents/school/vcpkg/packages/freetype_x64-osx/debug/lib/pkgconfig/freetype2.pc
-- Installing: /Users/Oscar/Documents/school/vcpkg/packages/freetype_x64-osx/share/freetype/usage
-- Performing post-build validation
Starting submission of freetype[brotli,bzip2,core,png,zlib]:x64-osx@2.14.3 to 1 binary cache(s) in the background
Elapsed time to handle freetype:x64-osx: 17 s
Completed submission of brotli:x64-osx@1.2.0 to 1 binary cache(s) in 341 ms
Installing 12/19 miniaudio:x64-osx@0.11.25...
miniaudio:x64-osx@0.11.25 package ABI: fa47d16573b853a1b245c2feacd0f49a58a87382b5a70ea2536605f6bad49a0e
Building miniaudio:x64-osx@0.11.25...
/Users/Oscar/Documents/school/vcpkg/triplets/community/x64-osx.cmake: info: loaded community triplet from here. Community triplets are not built in the curated registry and are thus less likely to succeed.
Downloading https://github.com/mackron/miniaudio/archive/0.11.25.tar.gz -> mackron-miniaudio-0.11.25.tar.gz
Successfully downloaded mackron-miniaudio-0.11.25.tar.gz
-- Extracting source /Users/Oscar/Documents/school/vcpkg/downloads/mackron-miniaudio-0.11.25.tar.gz
-- Using source at /Users/Oscar/Documents/school/vcpkg/buildtrees/miniaudio/src/0.11.25-9ce6c48799.clean
-- Installing: /Users/Oscar/Documents/school/vcpkg/packages/miniaudio_x64-osx/include/miniaudio.h
-- Installing: /Users/Oscar/Documents/school/vcpkg/packages/miniaudio_x64-osx/share/miniaudio/copyright
-- Performing post-build validation
Starting submission of miniaudio:x64-osx@0.11.25 to 1 binary cache(s) in the background
Elapsed time to handle miniaudio:x64-osx: 4.9 s
Completed submission of freetype[brotli,bzip2,core,png,zlib]:x64-osx@2.14.3 to 1 binary cache(s) in 519 ms
Installing 13/19 libogg:x64-osx@1.3.6#1...
libogg:x64-osx@1.3.6#1 package ABI: 641d999ddf4257c267fb66845f4714d9935cbefe9a2960b5bd864f36420614a9
Building libogg:x64-osx@1.3.6#1...
/Users/Oscar/Documents/school/vcpkg/triplets/community/x64-osx.cmake: info: loaded community triplet from here. Community triplets are not built in the curated registry and are thus less likely to succeed.
Downloading https://github.com/xiph/ogg/archive/v1.3.6.tar.gz -> xiph-ogg-v1.3.6.tar.gz
Successfully downloaded xiph-ogg-v1.3.6.tar.gz
-- Extracting source /Users/Oscar/Documents/school/vcpkg/downloads/xiph-ogg-v1.3.6.tar.gz
-- Using source at /Users/Oscar/Documents/school/vcpkg/buildtrees/libogg/src/v1.3.6-4ad11a7327.clean
-- Configuring x64-osx
-- Building x64-osx-dbg
-- Building x64-osx-rel
-- Fixing pkgconfig file: /Users/Oscar/Documents/school/vcpkg/packages/libogg_x64-osx/lib/pkgconfig/ogg.pc
-- Fixing pkgconfig file: /Users/Oscar/Documents/school/vcpkg/packages/libogg_x64-osx/debug/lib/pkgconfig/ogg.pc
-- Installing: /Users/Oscar/Documents/school/vcpkg/packages/libogg_x64-osx/share/libogg/copyright
-- Performing post-build validation
Starting submission of libogg:x64-osx@1.3.6#1 to 1 binary cache(s) in the background
Elapsed time to handle libogg:x64-osx: 8.9 s
Completed submission of miniaudio:x64-osx@0.11.25 to 1 binary cache(s) in 278 ms
Installing 14/19 libvorbis:x64-osx@1.3.7#4...
libvorbis:x64-osx@1.3.7#4 package ABI: d03eefae2418baaaca22ba2fdf74a35a8cd4eaf654fb2713a72ee70ed21c8c9b
Building libvorbis:x64-osx@1.3.7#4...
/Users/Oscar/Documents/school/vcpkg/triplets/community/x64-osx.cmake: info: loaded community triplet from here. Community triplets are not built in the curated registry and are thus less likely to succeed.
Downloading https://github.com/xiph/vorbis/archive/v1.3.7.tar.gz -> xiph-vorbis-v1.3.7.tar.gz
Successfully downloaded xiph-vorbis-v1.3.7.tar.gz
-- Extracting source /Users/Oscar/Documents/school/vcpkg/downloads/xiph-vorbis-v1.3.7.tar.gz
-- Applying patch 0001-Dont-export-vorbisenc-functions.patch
-- Applying patch 0002-Fixup-pkgconfig-libs.patch
-- Applying patch 0003-def-mingw-compat.patch
-- Applying patch 0004-ogg-find-dependency.patch
-- Using source at /Users/Oscar/Documents/school/vcpkg/buildtrees/libvorbis/src/v1.3.7-c32164610e.clean
-- Configuring x64-osx
-- Building x64-osx-dbg
-- Building x64-osx-rel
-- Fixing pkgconfig file: /Users/Oscar/Documents/school/vcpkg/packages/libvorbis_x64-osx/lib/pkgconfig/vorbis.pc
-- Fixing pkgconfig file: /Users/Oscar/Documents/school/vcpkg/packages/libvorbis_x64-osx/lib/pkgconfig/vorbisenc.pc
-- Fixing pkgconfig file: /Users/Oscar/Documents/school/vcpkg/packages/libvorbis_x64-osx/lib/pkgconfig/vorbisfile.pc
-- Fixing pkgconfig file: /Users/Oscar/Documents/school/vcpkg/packages/libvorbis_x64-osx/debug/lib/pkgconfig/vorbis.pc
-- Fixing pkgconfig file: /Users/Oscar/Documents/school/vcpkg/packages/libvorbis_x64-osx/debug/lib/pkgconfig/vorbisenc.pc
-- Fixing pkgconfig file: /Users/Oscar/Documents/school/vcpkg/packages/libvorbis_x64-osx/debug/lib/pkgconfig/vorbisfile.pc
-- Installing: /Users/Oscar/Documents/school/vcpkg/packages/libvorbis_x64-osx/share/libvorbis/usage
-- Installing: /Users/Oscar/Documents/school/vcpkg/packages/libvorbis_x64-osx/share/libvorbis/copyright
-- Performing post-build validation
Starting submission of libvorbis:x64-osx@1.3.7#4 to 1 binary cache(s) in the background
Elapsed time to handle libvorbis:x64-osx: 10 s
Completed submission of libogg:x64-osx@1.3.6#1 to 1 binary cache(s) in 19.7 ms
Installing 15/19 libflac[core,stack-protector]:x64-osx@1.5.0...
libflac[core,stack-protector]:x64-osx@1.5.0 package ABI: 294513682114b672d04dd6040323097ccdb8fd1a49f570f3d09286b3093e6f52
Building libflac[core,stack-protector]:x64-osx@1.5.0...
/Users/Oscar/Documents/school/vcpkg/triplets/community/x64-osx.cmake: info: loaded community triplet from here. Community triplets are not built in the curated registry and are thus less likely to succeed.
Downloading https://github.com/xiph/flac/archive/1.5.0.tar.gz -> xiph-flac-1.5.0.tar.gz
Successfully downloaded xiph-flac-1.5.0.tar.gz
-- Extracting source /Users/Oscar/Documents/school/vcpkg/downloads/xiph-flac-1.5.0.tar.gz
-- Applying patch android-cmake.diff
-- Applying patch fix-compile-options.patch
-- Applying patch fix-find-threads.patch
-- Using source at /Users/Oscar/Documents/school/vcpkg/buildtrees/libflac/src/1.5.0-5ec0185c23.clean
-- Configuring x64-osx
-- Building x64-osx-dbg
-- Building x64-osx-rel
-- Fixing pkgconfig file: /Users/Oscar/Documents/school/vcpkg/packages/libflac_x64-osx/lib/pkgconfig/flac++.pc
-- Fixing pkgconfig file: /Users/Oscar/Documents/school/vcpkg/packages/libflac_x64-osx/lib/pkgconfig/flac.pc
-- Fixing pkgconfig file: /Users/Oscar/Documents/school/vcpkg/packages/libflac_x64-osx/debug/lib/pkgconfig/flac++.pc
-- Fixing pkgconfig file: /Users/Oscar/Documents/school/vcpkg/packages/libflac_x64-osx/debug/lib/pkgconfig/flac.pc
-- Installing: /Users/Oscar/Documents/school/vcpkg/packages/libflac_x64-osx/share/libflac/copyright
-- Installing: /Users/Oscar/Documents/school/vcpkg/packages/libflac_x64-osx/share/libflac/usage
-- Performing post-build validation
Starting submission of libflac[core,stack-protector]:x64-osx@1.5.0 to 1 binary cache(s) in the background
Elapsed time to handle libflac:x64-osx: 19 s
Completed submission of libvorbis:x64-osx@1.3.7#4 to 1 binary cache(s) in 153 ms
Installing 16/19 sfml[audio,core,graphics,network,window]:x64-osx@3.0.2...
sfml[audio,core,graphics,network,window]:x64-osx@3.0.2 package ABI: 04d49c932c27362849d4d3dce5cdebe1d4bdccb71b08d674cc2932048527db9a
Building sfml[audio,core,graphics,network,window]:x64-osx@3.0.2...
/Users/Oscar/Documents/school/vcpkg/triplets/community/x64-osx.cmake: info: loaded community triplet from here. Community triplets are not built in the curated registry and are thus less likely to succeed.
Downloading https://github.com/SFML/SFML/archive/3.0.2.tar.gz -> SFML-SFML-3.0.2.tar.gz
Successfully downloaded SFML-SFML-3.0.2.tar.gz
-- Extracting source /Users/Oscar/Documents/school/vcpkg/downloads/SFML-SFML-3.0.2.tar.gz
-- Applying patch 01-fix-dependency-resolve.patch
-- Applying patch 03-fix-android-install-path.patch
-- Using source at /Users/Oscar/Documents/school/vcpkg/buildtrees/sfml/src/3.0.2-1655203d87.clean
-- Configuring x64-osx
-- Building x64-osx-dbg
-- Building x64-osx-rel
-- Installing: /Users/Oscar/Documents/school/vcpkg/packages/sfml_x64-osx/share/sfml/copyright
-- Performing post-build validation
Starting submission of sfml[audio,core,graphics,network,window]:x64-osx@3.0.2 to 1 binary cache(s) in the background
Elapsed time to handle sfml:x64-osx: 1.7 min
Completed submission of libflac[core,stack-protector]:x64-osx@1.5.0 to 1 binary cache(s) in 300 ms
Installing 17/19 fmt:x64-osx@12.2.0#1...
fmt:x64-osx@12.2.0#1 package ABI: 49807210b17a26502b4f4780c9a8f730353e2b8fbaff5e4844f438fc149f9adf
Building fmt:x64-osx@12.2.0#1...
/Users/Oscar/Documents/school/vcpkg/triplets/community/x64-osx.cmake: info: loaded community triplet from here. Community triplets are not built in the curated registry and are thus less likely to succeed.
Downloading https://github.com/fmtlib/fmt/commit/588b3a0f8f6a8bcf2a959cae882d5b2703e86737.patch?full_index=1 -> fmt-backport-4813.patch
Successfully downloaded fmt-backport-4813.patch
Downloading https://github.com/fmtlib/fmt/archive/12.2.0.tar.gz -> fmtlib-fmt-12.2.0.tar.gz
Successfully downloaded fmtlib-fmt-12.2.0.tar.gz
-- Extracting source /Users/Oscar/Documents/school/vcpkg/downloads/fmtlib-fmt-12.2.0.tar.gz
-- Applying patch /Users/Oscar/Documents/school/vcpkg/downloads/fmt-backport-4813.patch
-- Using source at /Users/Oscar/Documents/school/vcpkg/buildtrees/fmt/src/12.2.0-d352ede310.clean
-- Configuring x64-osx
-- Building x64-osx-dbg
-- Building x64-osx-rel
-- Fixing pkgconfig file: /Users/Oscar/Documents/school/vcpkg/packages/fmt_x64-osx/lib/pkgconfig/fmt.pc
-- Fixing pkgconfig file: /Users/Oscar/Documents/school/vcpkg/packages/fmt_x64-osx/debug/lib/pkgconfig/fmt.pc
-- Installing: /Users/Oscar/Documents/school/vcpkg/packages/fmt_x64-osx/share/fmt/usage
-- Installing: /Users/Oscar/Documents/school/vcpkg/packages/fmt_x64-osx/share/fmt/copyright
-- Performing post-build validation
Starting submission of fmt:x64-osx@12.2.0#1 to 1 binary cache(s) in the background
Elapsed time to handle fmt:x64-osx: 11 s
Completed submission of sfml[audio,core,graphics,network,window]:x64-osx@3.0.2 to 1 binary cache(s) in 1.9 s
Installing 18/19 spdlog[core,fmt,tz-offset]:x64-osx@1.17.0#1...
spdlog[core,fmt,tz-offset]:x64-osx@1.17.0#1 package ABI: 8d36be2dbb180a8a7b7ac86ae67993ebad0d81677a10f065366e29c2e587213a
Building spdlog[core,fmt,tz-offset]:x64-osx@1.17.0#1...
/Users/Oscar/Documents/school/vcpkg/triplets/community/x64-osx.cmake: info: loaded community triplet from here. Community triplets are not built in the curated registry and are thus less likely to succeed.
Downloading https://github.com/gabime/spdlog/commit/1685e694c5cd8328280c48f8b94b1281c17c6fee.patch?full_index=1 -> spdlog-backport-3541.patch
Successfully downloaded spdlog-backport-3541.patch
Downloading https://github.com/gabime/spdlog/commit/d5af52d903ed69f96c7350155e94aeff248b31eb.patch?full_index=1 -> spdlog-backport-3543.patch
Successfully downloaded spdlog-backport-3543.patch
Downloading https://github.com/gabime/spdlog/archive/v1.17.0.tar.gz -> gabime-spdlog-v1.17.0.tar.gz
Successfully downloaded gabime-spdlog-v1.17.0.tar.gz
-- Extracting source /Users/Oscar/Documents/school/vcpkg/downloads/gabime-spdlog-v1.17.0.tar.gz
-- Applying patch /Users/Oscar/Documents/school/vcpkg/downloads/spdlog-backport-3541.patch
-- Applying patch /Users/Oscar/Documents/school/vcpkg/downloads/spdlog-backport-3543.patch
-- Using source at /Users/Oscar/Documents/school/vcpkg/buildtrees/spdlog/src/v1.17.0-8a1a388e84.clean
-- Configuring x64-osx
-- Building x64-osx-dbg
-- Building x64-osx-rel
-- Fixing pkgconfig file: /Users/Oscar/Documents/school/vcpkg/packages/spdlog_x64-osx/lib/pkgconfig/spdlog.pc
-- Fixing pkgconfig file: /Users/Oscar/Documents/school/vcpkg/packages/spdlog_x64-osx/debug/lib/pkgconfig/spdlog.pc
-- Installing: /Users/Oscar/Documents/school/vcpkg/packages/spdlog_x64-osx/share/spdlog/usage
-- Installing: /Users/Oscar/Documents/school/vcpkg/packages/spdlog_x64-osx/share/spdlog/copyright
-- Performing post-build validation
Starting submission of spdlog[core,fmt,tz-offset]:x64-osx@1.17.0#1 to 1 binary cache(s) in the background
Elapsed time to handle spdlog:x64-osx: 29 s
Completed submission of fmt:x64-osx@12.2.0#1 to 1 binary cache(s) in 235 ms
Installing 19/19 sqlite3[core,json1]:x64-osx@3.53.4#1...
sqlite3[core,json1]:x64-osx@3.53.4#1 package ABI: 5a69bd6dd900815c6990bb80a7bbbb36dc0ea661b8f503d4eb1509b0976f1252
Building sqlite3[core,json1]:x64-osx@3.53.4#1...
/Users/Oscar/Documents/school/vcpkg/triplets/community/x64-osx.cmake: info: loaded community triplet from here. Community triplets are not built in the curated registry and are thus less likely to succeed.
Downloading https://sqlite.org/2026/sqlite-autoconf-3530400.tar.gz -> sqlite-autoconf-3530400.tar.gz
Successfully downloaded sqlite-autoconf-3530400.tar.gz
-- Extracting source /Users/Oscar/Documents/school/vcpkg/downloads/sqlite-autoconf-3530400.tar.gz
-- Applying patch fix-arm-uwp.patch
-- Applying patch add-config-include.patch
-- Using source at /Users/Oscar/Documents/school/vcpkg/buildtrees/sqlite3/src/nf-3530400-891c4575fa.clean
-- Configuring x64-osx
-- Building x64-osx-dbg
-- Building x64-osx-rel
-- Fixing pkgconfig file: /Users/Oscar/Documents/school/vcpkg/packages/sqlite3_x64-osx/lib/pkgconfig/sqlite3.pc
-- Fixing pkgconfig file: /Users/Oscar/Documents/school/vcpkg/packages/sqlite3_x64-osx/debug/lib/pkgconfig/sqlite3.pc
-- Installing: /Users/Oscar/Documents/school/vcpkg/packages/sqlite3_x64-osx/share/sqlite3/usage
-- Performing post-build validation
Starting submission of sqlite3[core,json1]:x64-osx@3.53.4#1 to 1 binary cache(s) in the background
Elapsed time to handle sqlite3:x64-osx: 53 s
Installed contents are licensed to you by owners. Microsoft is not responsible for, nor does it grant any licenses to, third-party packages.
Some packages did not declare an SPDX license. Check the `copyright` file for each package for more information about their licensing.
Packages installed in this vcpkg installation declare the following licenses:
(FTL OR GPL-2.0-or-later)
(MIT OR CC-PDDC)
(Unlicense OR MIT-0)
Apache-2.0
BSD-3-Clause
ISC
MIT
Zlib
blessing
bzip2-1.0.6
libpng-2.0
catch2 provides CMake targets:

  # this is heuristically generated, and may not be correct
  find_package(Catch2 CONFIG REQUIRED)
  target_link_libraries(main PRIVATE Catch2::Catch2 Catch2::Catch2WithMain)

catch2 provides pkg-config modules:

  # A modern, C++-native test framework for C++14 and above (links in default main)
  catch2-with-main

  # A modern, C++-native, test framework for C++14 and above
  catch2

libsodium provides CMake targets:

  # this is heuristically generated, and may not be correct
  find_package(unofficial-sodium CONFIG REQUIRED)
  target_link_libraries(main PRIVATE unofficial-sodium::sodium)

libsodium provides pkg-config modules:

  # A modern and easy-to-use crypto library
  libsodium

The package nlohmann-json provides CMake targets:

    find_package(nlohmann_json CONFIG REQUIRED)
    target_link_libraries(main PRIVATE nlohmann_json::nlohmann_json)

The package nlohmann-json can be configured to not provide implicit conversions via a custom triplet file:

    set(nlohmann-json_IMPLICIT_CONVERSIONS OFF)

For more information, see the docs here:
    
    https://json.nlohmann.me/api/macros/json_use_implicit_conversions/

The package sfml provides CMake targets:

    find_package(SFML COMPONENTS Network Graphics Window Audio System CONFIG REQUIRED)
    target_link_libraries(main PRIVATE SFML::Network SFML::Graphics SFML::Window SFML::Audio SFML::System)

    # If you want SFML to provide an implementation of main():
    target_link_libraries(main PRIVATE SFML::Main)

The package spdlog provides CMake targets:

    find_package(spdlog CONFIG REQUIRED)
    target_link_libraries(main PRIVATE spdlog::spdlog)

    # Or use the header-only version
    find_package(spdlog CONFIG REQUIRED)
    target_link_libraries(main PRIVATE spdlog::spdlog_header_only)

sqlite3 provides pkgconfig bindings.
sqlite3 provides CMake targets:

    find_package(unofficial-sqlite3 CONFIG REQUIRED)
    target_link_libraries(main PRIVATE unofficial::sqlite3::sqlite3)

Completed submission of spdlog[core,fmt,tz-offset]:x64-osx@1.17.0#1 to 1 binary cache(s) in 442 ms
Waiting for 1 remaining binary cache submissions...
Completed submission of sqlite3[core,json1]:x64-osx@3.53.4#1 to 1 binary cache(s) in 496 ms (1/1)
All requested installations completed successfully in: 7.9 min
